// Jest Snapshot v1, https://goo.gl/fbAQLP

exports[`FolderContainer should match the snapshot 1`] = `
<FolderViewWithSharingContext
  additionalProp="foobar"
  canCreateFolder={true}
  canDrop={true}
  canMove={true}
  canSort={true}
  canUpload={true}
  isTrashContext={false}
/>
`;
