// Jest Snapshot v1, https://goo.gl/fbAQLP

exports[`ErrorUnshared should match the snapshot 1`] = `
<div
  className="u-pt-3"
  data-test-id="pho-public-layout"
>
  <Main
    className="u-pt-1-half"
  >
    <Wrapper
      errorType="public_album_unshared"
    />
  </Main>
</div>
`;
