// Jest Snapshot v1, https://goo.gl/fbAQLP

exports[`Unlink should render the Component 1`] = `
<Unlink
  clientSettings={
    Object {
      "data": "foo",
    }
  }
  t={
    [MockFunction] {
      "calls": Array [
        Array [
          "mobile.settings.unlink.title",
        ],
        Array [
          "mobile.settings.unlink.description",
        ],
        Array [
          "mobile.settings.unlink.button",
        ],
      ],
      "results": Array [
        Object {
          "isThrow": false,
          "value": "mobile.settings.unlink.title",
        },
        Object {
          "isThrow": false,
          "value": "mobile.settings.unlink.description",
        },
        Object {
          "isThrow": false,
          "value": "mobile.settings.unlink.button",
        },
      ],
    }
  }
  unlink={[MockFunction]}
>
  <div>
    <SettingCategory
      elements={
        Array [
          Object {
            "description": "mobile.settings.unlink.description",
            "onClick": [Function],
            "text": "mobile.settings.unlink.button",
            "theme": "danger-outline",
            "type": "ELEMENT_BUTTON",
          },
        ]
      }
      title="mobile.settings.unlink.title"
    >
      <div
        className="settings__category"
      >
        <h3
          className="settings__category-title"
        >
          mobile.settings.unlink.title
        </h3>
        <div
          key="0"
        >
          <p
            className="settings__subcategory__label"
          >
            mobile.settings.unlink.description
          </p>
          <Button
            className="settings__button"
            label="mobile.settings.unlink.button"
            onClick={[Function]}
            size="normal"
            tag="button"
            theme="danger-outline"
            type="submit"
          >
            <BaseButton
              className="settings__button"
              label="mobile.settings.unlink.button"
              onClick={[Function]}
              size="normal"
              tag="button"
              theme="danger-outline"
              type="submit"
            >
              <button
                className="c-btn c-btn--danger-outline settings__button"
                onClick={[Function]}
                title={null}
                type="submit"
              >
                <span>
                  <span
                    className={null}
                  >
                    mobile.settings.unlink.button
                  </span>
                </span>
              </button>
            </BaseButton>
          </Button>
        </div>
      </div>
    </SettingCategory>
  </div>
</Unlink>
`;
