// Jest Snapshot v1, https://goo.gl/fbAQLP

exports[`File component should render a folder correctly 1`] = `null`;
